{
  "content": "Games for Tuesday, 28 May 2024",
  "embeds": [
    {
      "fields": [
        {
          "inline": false,
          "name": "ğŸ‡©ğŸ‡ª Germany",
          "value": "**BR Volleys - VfB Friedrichshafen**\t \u003ct:0:t\u003e"
        },
        {
          "inline": false,
          "name": "ğŸ‡®ğŸ‡¹ Italy",
          "value": "**Lube - Piacenza**\t \u003ct:1697898600:t\u003e\n**Perugia - Modena**\t \u003ct:1697965200:t\u003e"
        }
      ]
    }
  ]
}